// Jest Snapshot v1, https://goo.gl/fbAQLP

exports[`Page Loader test 404 for resource files 1`] = `[Error: Request failed with status code 404]`;
